// Jest Snapshot v1, https://goo.gl/fbAQLP

exports[`getJiraTemplate 함수 내용 템플릿을 반환 1`] = `
"
    <div>안녕하십니까, 10기 구미 실습코치 이희진입니다.</div>
    <br>
    <div>구미 1반 금주 주간 Jira 현황 보고서 첨부파일로 송부 드립니다.</div>
    <br>
    <b>특이사항</b>
    <br>
    <div>- 해당 사항 없음.</div>
    <br>
    <div>감사합니다.</div>
    <div>이희진 드림.</div>
  "
`;

exports[`getJiraTemplate 함수 제목 템플릿을 반환 1`] = `"[SSAFY] 2월 2일(금) 구미 1반 공통 3주차 주간 Jira 현황 보고서 송부"`;
